Failed to fetch Radius models: TypeError: fetch failed
    at node:internal/deps/undici/undici:13510:13
    at process.processTicksAndRejections (node:internal/process/task_queues:105:5)
    at async loadRadiusGatewayConfig (file:///tmp/provider-endpoint-qualification-pi-v1-20260929/earendil-works__pi__10086__provider-interface-adaptation/solution/packages/ai/src/providers/radius-config.ts:87:19)
    at async fetchRadiusModels (file:///tmp/provider-endpoint-qualification-pi-v1-20260929/earendil-works__pi__10086__provider-interface-adaptation/solution/packages/ai/scripts/generate-models.ts:1311:18)
    at async generateModels (file:///tmp/provider-endpoint-qualification-pi-v1-20260929/earendil-works__pi__10086__provider-interface-adaptation/solution/packages/ai/scripts/generate-models.ts:2680:23) {
  [cause]: AggregateError [ETIMEDOUT]: 
      at internalConnectMultiple (node:net:1134:18)
      at internalConnectMultiple (node:net:1210:5)
      at Timeout.internalConnectMultipleTimeout (node:net:1742:5)
      at listOnTimeout (node:internal/timers:590:11)
      at process.processTimers (node:internal/timers:523:7) {
    code: 'ETIMEDOUT',
    [errors]: [ [Error], [Error], [Error], [Error] ]
  }
}
TypeError: fetch failed
    at node:internal/deps/undici/undici:13510:13
    at process.processTicksAndRejections (node:internal/process/task_queues:105:5)
    at async loadRadiusGatewayConfig (file:///tmp/provider-endpoint-qualification-pi-v1-20260929/earendil-works__pi__10086__provider-interface-adaptation/solution/packages/ai/src/providers/radius-config.ts:87:19)
    at async fetchRadiusModels (file:///tmp/provider-endpoint-qualification-pi-v1-20260929/earendil-works__pi__10086__provider-interface-adaptation/solution/packages/ai/scripts/generate-models.ts:1311:18)
    at async generateModels (file:///tmp/provider-endpoint-qualification-pi-v1-20260929/earendil-works__pi__10086__provider-interface-adaptation/solution/packages/ai/scripts/generate-models.ts:2680:23) {
  [cause]: AggregateError [ETIMEDOUT]: 
      at internalConnectMultiple (node:net:1134:18)
      at internalConnectMultiple (node:net:1210:5)
      at Timeout.internalConnectMultipleTimeout (node:net:1742:5)
      at listOnTimeout (node:internal/timers:590:11)
      at process.processTimers (node:internal/timers:523:7) {
    code: 'ETIMEDOUT',
    [errors]: [ [Error], [Error], [Error], [Error] ]
  }
}
